mysql> SHOW DATABASES;
+--------------------+
| Database           |
+--------------------+
| Alanlunax$Nueva    |
| Alanlunax$default  |
| information_schema |
| performance_schema |
+--------------------+
4 rows in set (1.97 sec)

mysql> USE Alanlunax$Nueva;
Database changed
mysql> CREATE TABLE Numeros (
    ->     ID INT NOT NULL,
    ->     Entero INT NOT NULL,
    ->     PRIMARY KEY (ID)
    -> );
Query OK, 0 rows affected (0.11 sec)

mysql> INSERT INTO Numeros VALUES
    -> (1,5),
    -> (2,6),
    -> (3,10),
    -> (4,10),
    -> (5,13),
    -> (6,14),
    -> (7,17),
    -> (8,20),
    -> (9,81),
    -> (10,90),
    -> (11,76);
Query OK, 11 rows affected (0.01 sec)
Records: 11  Duplicates: 0  Warnings: 0

mysql> WITH NumerosOrdenados AS (
    ->     SELECT Entero, ROW_NUMBER() OVER (ORDER BY Entero) AS Posicion,
    ->          COUNT(*) OVER () AS Total
    ->     FROM Numeros
    -> ),
    -> Mediana AS (
    ->     SELECT AVG(Entero) AS Mediana
    ->     FROM NumerosOrdenados
    ->     WHERE Posicion IN (FLOOR(Total + 1) / 2), CEIL((Total + 1) / 2)
    -> ),
    -> Moda AS (
    ->     SELECT Entero AS Moda
    ->     FROM Numeros
    ->     GROUP BY Entero
    ->     ORDER BY COUNT(*) DESC, Entero
    ->     LIMIT 1
    -> ),
    -> SELECT
    ->     AVG(Entero) AS Media,
    ->     (SELECT Mediana FROM Mediana) AS Mediana,
    ->     (SELECT Moda FROM Moda) AS Moda,
    ->     MAX(Entero) - MIN(Entero) AS Rango
    -> FROM Numeros;
ERROR 1064 (42000): You have an error in your SQL syntax; check the manual that corresponds to your MySQL server version for the right syntax to use near ', CEIL((Total + 1) / 2)
),
Moda AS (
    SELECT Entero AS Moda
    FROM Numeros
' at line 9
mysql> 
mysql> WITH NumerosOrdenados AS (
    ->     SELECT Entero, ROW_NUMBER() PVER (OVER BY Entero) AS Posicion,
    ->             COUNT(*) OVER () AS Total
    ->     FROM Numeros
    -> ),
    -> Mediana AS (
    ->     SELECT AVG(Entero) AS Mediana
    ->     FROM NumerosOrdenados
    ->     WHERE Posicion IN (FLOOR(Total + 1) / 2), CEIL((Total + 1) / 2)
    -> ),
    -> Moda AS(
    ->     SELECT Entero AS Moda
    ->     FROM Numeros
    ->     GROUP BY Entero
    ->     ORDER BY COUNT(*) DESC, Entero
    ->     LIMIT 1
    -> )
    -> SELECT 
    ->     AVG(Entero) AS MEDIA,
    ->     (SELECT Mediana FROM Mediana) AS Mediana,
    ->     (SELECT Moda FROM Moda) AS Moda,
    ->     MAX (Entero) - MIN (Entero) AS Rango
    -> FROM Numeros;
ERROR 1064 (42000): You have an error in your SQL syntax; check the manual that corresponds to your MySQL server version for the right syntax to use near 'PVER (OVER BY Entero) AS Posicion,
            COUNT(*) OVER () AS Total
    FRO' at line 2
mysql> WITH NumerosOrdenados AS (
    ->     SELECT Entero, ROW_NUMBER() OVER (ORDER BY Entero) AS Posicion,
    ->          COUNT(*) OVER () AS Total
    ->     FROM Numeros
    -> ),
    -> Mediana AS (
    ->     SELECT AVG(Entero) AS Mediana
    ->     FROM NumerosOrdenados
    ->     WHERE Posicion IN (FLOOR(Total + 1) / 2), CEIL((Total + 1) / 2)
    -> ),
    -> Moda AS (
    ->     SELECT Entero AS Moda
    ->     FROM Numeros
    ->     GROUP BY Entero
    ->     ORDER BY COUNT(*) DESC, Entero
    ->     LIMIT 1
    -> ),
    -> SELECT
    ->     AVG(Entero) AS Media,
    ->     (SELECT Mediana FROM Mediana) AS Mediana,
    ->     (SELECT Moda FROM Moda) AS Moda,
    ->     MAX(Entero) - MIN(Entero) AS Rango
    -> FROM Numeros;
ERROR 1064 (42000): You have an error in your SQL syntax; check the manual that corresponds to your MySQL server version for the right syntax to use near ', CEIL((Total + 1) / 2)
),
Moda AS (
    SELECT Entero AS Moda
    FROM Numeros
' at line 9
mysql> 
mysql> WITH NumerosOrdenados AS (
    ->     SELECT Entero, ROW_NUMBER() PVER (OVER BY Entero) AS Posicion,
    ->             COUNT(*) overER () AS Total
    ->     FROM Numeros
    -> ),
    -> Mediana AS (
    ->     SELECT AVG(Entero) AS Mediana
    ->     FROM NumerosOrdenados
    ->     WHERE Posicion IN (FLOOR(Total + 1) / 2), CEIL((Total + 1) / 2)
    -> ),
    -> Moda AS(
    ->     SELECT Entero AS Moda
    ->     FROM Numeros
    ->     GROUP BY Entero
    ->     ORDER BY COUNT(*) DESC, Entero
    ->     LIMIT 1
    -> )
    -> SELECT 
    ->     AVG(Entero) AS MEDIA,
    ->     (SELECT Mediana FROM Mediana) AS Mediana,
    ->     (SELECT Moda FROM Moda) AS Moda,
    ->     MAX (Entero) - MIN (Entero) AS Rango
    -> FROM Numeros;
ERROR 1064 (42000): You have an error in your SQL syntax; check the manual that corresponds to your MySQL server version for the right syntax to use near 'PVER (OVER BY Entero) AS Posicion,
            COUNT(*) overER () AS Total
    F' at line 2
mysql> WITH NumerosOrdenados AS (
    ->     SELECT Entero, ROW_NUMBER() OVER (ORDER BY Entero) AS Posicion,
    ->          COUNT(*) OVER () AS Total
    ->     FROM Numeros
    -> ),
    -> Mediana AS (
    ->     SELECT AVG(Entero) AS Mediana
    ->     FROM NumerosOrdenados
    ->     WHERE Posicion IN (FLOOR(Total + 1) / 2), CEIL((Total + 1) / 2)
    -> ),
    -> Moda AS (
    ->     SELECT Entero AS Moda
    ->     FROM Numeros
    ->     GROUP BY Entero
    ->     ORDER BY COUNT(*) DESC, Entero
    ->     LIMIT 1
    -> ),
    -> SELECT
    ->     AVG(Entero) AS Media,
    ->     (SELECT Mediana FROM Mediana) AS Mediana,
    ->     (SELECT Moda FROM Moda) AS Moda,
    ->     MAX(Entero) - MIN(Entero) AS Rango
    -> FROM Numeros;
ERROR 1064 (42000): You have an error in your SQL syntax; check the manual that corresponds to your MySQL server version for the right syntax to use near ', CEIL((Total + 1) / 2)
),
Moda AS (
    SELECT Entero AS Moda
    FROM Numeros
' at line 9
mysql> 
mysql> WITH NumerosOrdenados AS (
    ->     SELECT Entero, ROW_NUMBER() PVER (OVER BY Entero) AS Posicion,
    ->             COUNT(*) OVER () AS Total
    ->     FROM Numeros
    -> ),
    -> Mediana AS (
    ->     SELECT AVG(Entero) AS Mediana
    ->     FROM NumerosOrdenados
    ->     WHERE Posicion IN (FLOOR(Total + 1) / 2), CEIL((Total + 1) / 2)
    -> ),
    -> Moda AS(
    ->     SELECT Entero AS Moda
    ->     FROM Numeros
    ->     GROUP BY Entero
    ->     ORDER BY COUNT(*) DESC, Entero
    ->     LIMIT 1
    -> )
    -> SELECT 
    ->     AVG(Entero) AS MEDIA,
    ->     (SELECT Mediana FROM Mediana) AS Mediana,
    ->     (SELECT Moda FROM Moda) AS Moda,
    ->     MAX (Entero) - MIN (Entero) AS Rango
    -> FROM Numeros;
ERROR 1064 (42000): You have an error in your SQL syntax; check the manual that corresponds to your MySQL server version for the right syntax to use near 'PVER (OVER BY Entero) AS Posicion,
            COUNT(*) OVER () AS Total
    FRO' at line 2
mysql> WITH NumerosOrdenados AS (
    ->     SELECT Entero, ROW_NUMBER() OVER (ORDER BY Entero) AS Posicion,
    ->          COUNT(*) OVER () AS Total
    ->     FROM Numeros
    -> ),
    -> Mediana AS (
    ->     SELECT AVG(Entero) AS Mediana
    ->     FROM NumerosOrdenados
    ->     WHERE Posicion IN (FLOOR(Total + 1) / 2), CEIL((Total + 1) / 2)
    -> ),
    -> Moda AS (
    ->     SELECT Entero AS Moda
    ->     FROM Numeros
    ->     GROUP BY Entero
    ->     ORDER BY COUNT(*) DESC, Entero
    ->     LIMIT 1
    -> ),
    -> SELECT
    ->     AVG(Entero) AS Media,
    ->     (SELECT Mediana FROM Mediana) AS Mediana,
    ->     (SELECT Moda FROM Moda) AS Moda,
    ->     MAX(Entero) - MIN(Entero) AS Rango
    -> FROM Numeros;
ERROR 1064 (42000): You have an error in your SQL syntax; check the manual that corresponds to your MySQL server version for the right syntax to use near ', CEIL((Total + 1) / 2)
),
Moda AS (
    SELECT Entero AS Moda
    FROM Numeros
' at line 9
mysql> 
mysql> WITH NumerosOrdenados AS (
    ->     SELECT Entero, ROW_NUMBER() OVER (OVER BY Entero) AS Posicion,
    ->             COUNT(*) OVER () AS Total
    ->     FROM Numeros
    -> ),
    -> Mediana AS (
    ->     SELECT AVG(Entero) AS Mediana
    ->     FROM NumerosOrdenados
    ->     WHERE Posicion IN (FLOOR(Total + 1) / 2), CEIL((Total + 1) / 2)
    -> ),
    -> Moda AS(
    ->     SELECT Entero AS Moda
    ->     FROM Numeros
    ->     GROUP BY Entero
    ->     ORDER BY COUNT(*) DESC, Entero
    ->     LIMIT 1
    -> )
    -> SELECT 
    ->     AVG(Entero) AS MEDIA,
    ->     (SELECT Mediana FROM Mediana) AS Mediana,
    ->     (SELECT Moda FROM Moda) AS Moda,
    ->     MAX (Entero) - MIN (Entero) AS Rango
    -> FROM Numeros;
ERROR 1064 (42000): You have an error in your SQL syntax; check the manual that corresponds to your MySQL server version for the right syntax to use near 'OVER BY Entero) AS Posicion,
            COUNT(*) OVER () AS Total
    FROM Nume' at line 2
mysql> WITH NumerosOrdenados AS (
    ->     SELECT Entero, ROW_NUMBER() OVER (ORDER BY Entero) AS Posicion,
    ->            COUNT(*) OVER () AS Total
    ->     FROM Numeros
    -> ),
    -> Mediana AS (
    ->     SELECT AVG(Entero) AS Mediana
    ->     FROM NumerosOrdenados
    ->     WHERE Posicion IN (FLOOR((Total + 1) / 2), CEIL((Total + 1) / 2))
    -> ),
    -> Moda AS (
    ->     SELECT Entero AS Moda
    ->     FROM Numeros
    ->     GROUP BY Entero
    ->     ORDER BY COUNT(*) DESC, Entero
    ->     LIMIT 1
    -> )
    -> SELECT 
    ->     AVG(Entero) AS Media,
    ->     (SELECT Mediana FROM Mediana) AS Mediana,
    ->     (SELECT Moda FROM Moda) AS Moda,
    ->     MAX(Entero) - MIN(Entero) AS Rango
    -> FROM Numeros;
+---------+---------+------+-------+
| Media   | Mediana | Moda | Rango |
+---------+---------+------+-------+
| 31.0909 | 14.0000 |   10 |    85 |
+---------+---------+------+-------+
1 row in set (0.07 sec)
mysql> 
mysql> WITH NumerosOrdenados AS (
    ->     SELECT Entero, ROW_NUMBER() OVER (ORDER BY Entero) AS Posicion,
    ->            COUNT(*) OVER () AS Total
    ->     FROM Numeros
    -> ),
    -> Mediana AS (
    ->     SELECT AVG(Entero) AS Mediana
    ->     FROM NumerosOrdenados
    ->     WHERE Posicion IN (FLOOR((Total + 1) / 2), CEIL((Total + 1) / 2))
    -> ),
    -> Moda AS (
    ->     SELECT Entero AS Moda
    ->     FROM Numeros
    ->     GROUP BY Entero
    ->     ORDER BY COUNT(*) DESC, Entero
    ->     LIMIT 1
    -> )
    -> SELECT 
    ->     AVG(Entero) AS Media,
    ->     (SELECT Mediana FROM Mediana) AS Mediana,
    ->     (SELECT Moda FROM Moda) AS Moda,
    ->     MAX(Entero) - MIN(Entero) AS Rango
    -> FROM Numeros;
+---------+---------+------+-------+
| Media   | Mediana | Moda | Rango |
+---------+---------+------+-------+
| 31.0909 | 14.0000 |   10 |    85 |
+---------+---------+------+-------+
1 row in set (0.02 sec)
